// Jest Snapshot v1, https://goo.gl/fbAQLP

exports[`Test Checking 1`] = `
<div
  className="MuiContainer-root MuiContainer-maxWidthLg css-1iior23-MuiContainer-root"
>
  <div
    className="MuiBox-root css-1l4w6pd"
  >
    <span
      className="MuiCircularProgress-root MuiCircularProgress-indeterminate MuiCircularProgress-colorPrimary css-18lrjg1-MuiCircularProgress-root"
      role="progressbar"
      style={
        {
          "height": 40,
          "width": 40,
        }
      }
    >
      <svg
        className="MuiCircularProgress-svg css-1idz92c-MuiCircularProgress-svg"
        viewBox="22 22 44 44"
      >
        <circle
          className="MuiCircularProgress-circle MuiCircularProgress-circleIndeterminate css-176wh8e-MuiCircularProgress-circle"
          cx={44}
          cy={44}
          fill="none"
          r={20.2}
          strokeWidth={3.6}
          style={{}}
        />
      </svg>
    </span>
    <h4
      className="MuiTypography-root MuiTypography-h4 css-1arwu0y-MuiTypography-root"
    >
      Checking...
    </h4>
  </div>
</div>
`;
